../Drivers/STM32U5xx_HAL_Driver/Inc/stm32u5xx_ll_dma.h:1488:22:LL_DMA_ResetChannel	24	static
../Core/Src/app_threadx.c:127:6:App_ThreadX_Init	64	static
../Core/Src/app_threadx.c:335:6:MX_ThreadX_Init	16	static
../Core/Src/app_threadx.c:354:6:App_ThreadX_LowPower_Timer_Setup	16	static
../Core/Src/app_threadx.c:366:6:App_ThreadX_LowPower_Enter	4	static
../Core/Src/app_threadx.c:378:6:App_ThreadX_LowPower_Exit	4	static
../Core/Src/app_threadx.c:390:7:App_ThreadX_LowPower_Timer_Adjust	4	static
../Core/Src/app_threadx.c:405:6:startup_thread_entry	48	static
../Core/Src/app_threadx.c:468:6:gnss_thread_entry	32	static
../Core/Src/app_threadx.c:486:6:imu_thread_entry	16	static
../Core/Src/app_threadx.c:503:6:ct_thread_entry	32	static
../Core/Src/app_threadx.c:515:6:waves_thread_entry	400	static
../Core/Src/app_threadx.c:563:6:iridium_thread_entry	32	static
../Core/Src/app_threadx.c:576:6:teardown_thread_entry	48	static
../Core/Src/app_threadx.c:657:6:HAL_UART_RxCpltCallback	48	static
../Core/Src/app_threadx.c:719:13:reset_GNSS_uart	8	static
