../Drivers/STM32U5xx_HAL_Driver/Inc/stm32u5xx_ll_dma.h:1488:22:LL_DMA_ResetChannel	24	static
../Core/Src/app_threadx.c:149:6:App_ThreadX_Init	64	static
../Core/Src/app_threadx.c:366:6:MX_ThreadX_Init	16	static
../Core/Src/app_threadx.c:385:6:App_ThreadX_LowPower_Timer_Setup	16	static
../Core/Src/app_threadx.c:397:6:App_ThreadX_LowPower_Enter	4	static
../Core/Src/app_threadx.c:409:6:App_ThreadX_LowPower_Exit	4	static
../Core/Src/app_threadx.c:421:7:App_ThreadX_LowPower_Timer_Adjust	4	static
../Core/Src/app_threadx.c:436:6:startup_thread_entry	16	static
../Core/Src/app_threadx.c:450:6:gnss_thread_entry	40	static
../Core/Src/app_threadx.c:474:6:imu_thread_entry	16	static
../Core/Src/app_threadx.c:485:6:ct_thread_entry	16	static
../Core/Src/app_threadx.c:497:6:waves_thread_entry	16	static
../Core/Src/app_threadx.c:508:6:iridium_thread_entry	16	static
../Core/Src/app_threadx.c:520:6:teardown_thread_entry	40	static
../Core/Src/app_threadx.c:601:6:HAL_UART_RxCpltCallback	56	static
../Core/Src/app_threadx.c:673:6:HAL_UART_RxEventCallback	56	static
