../Core/Src/app_threadx.c:113:28:argInit_Unboundedx1_real32_T_Down	32	static
../Core/Src/app_threadx.c:130:28:argInit_Unboundedx1_real32_T_North_East	32	static
../Core/Src/app_threadx.c:152:15:argInit_real32_T	4	static
../Core/Src/app_threadx.c:161:16:argInit_real_T	4	static
../Core/Src/app_threadx.c:220:6:App_ThreadX_Init	56	static
../Core/Src/app_threadx.c:430:6:MX_ThreadX_Init	16	static
../Core/Src/app_threadx.c:449:6:App_ThreadX_LowPower_Timer_Setup	16	static
../Core/Src/app_threadx.c:461:6:App_ThreadX_LowPower_Enter	4	static
../Core/Src/app_threadx.c:473:6:App_ThreadX_LowPower_Exit	4	static
../Core/Src/app_threadx.c:485:7:App_ThreadX_LowPower_Timer_Adjust	4	static
../Core/Src/app_threadx.c:500:6:startup_thread_entry	32	static
../Core/Src/app_threadx.c:544:6:gnss_thread_entry	32	static
../Core/Src/app_threadx.c:575:6:imu_thread_entry	32	static
../Core/Src/app_threadx.c:587:6:ct_thread_entry	32	static
../Core/Src/app_threadx.c:600:6:waves_thread_entry	128	static
../Core/Src/app_threadx.c:653:6:iridium_thread_entry	32	static
../Core/Src/app_threadx.c:666:6:teardown_thread_entry	48	static
../Core/Src/app_threadx.c:745:6:HAL_UART_RxCpltCallback	40	static
