../Core/Src/app_threadx.c:110:27:argInit_1xUnbounded_real32_T_down	32	static
../Core/Src/app_threadx.c:131:27:argInit_1xUnbounded_real32_T_north_east	32	static
../Core/Src/app_threadx.c:152:15:argInit_real_T	4	static
../Core/Src/app_threadx.c:211:6:App_ThreadX_Init	56	static
../Core/Src/app_threadx.c:421:6:MX_ThreadX_Init	16	static
../Core/Src/app_threadx.c:440:6:App_ThreadX_LowPower_Timer_Setup	16	static
../Core/Src/app_threadx.c:452:6:App_ThreadX_LowPower_Enter	4	static
../Core/Src/app_threadx.c:464:6:App_ThreadX_LowPower_Exit	4	static
../Core/Src/app_threadx.c:476:7:App_ThreadX_LowPower_Timer_Adjust	4	static
../Core/Src/app_threadx.c:491:6:startup_thread_entry	32	static
../Core/Src/app_threadx.c:535:6:gnss_thread_entry	32	static
../Core/Src/app_threadx.c:566:6:imu_thread_entry	32	static
../Core/Src/app_threadx.c:578:6:ct_thread_entry	32	static
../Core/Src/app_threadx.c:591:6:waves_thread_entry	392	static
../Core/Src/app_threadx.c:630:6:iridium_thread_entry	32	static
../Core/Src/app_threadx.c:643:6:teardown_thread_entry	48	static
../Core/Src/app_threadx.c:722:6:HAL_UART_RxCpltCallback	40	static
