../Core/Src/main.c:90:5:main	8	static
../Core/Src/main.c:148:6:SystemClock_Config	128	static
../Core/Src/main.c:197:13:SystemPower_Config	8	static
../Core/Src/main.c:220:13:MX_GPDMA1_Init	16	static
../Core/Src/main.c:252:13:MX_ICACHE_Init	8	static
../Core/Src/main.c:284:13:MX_OCTOSPI1_Init	40	static
../Core/Src/main.c:342:13:MX_RTC_Init	40	static
../Core/Src/main.c:390:13:MX_UART4_Init	8	static
../Core/Src/main.c:438:13:MX_USART1_UART_Init	8	static
../Core/Src/main.c:486:13:MX_USART2_UART_Init	8	static
../Core/Src/main.c:536:13:MX_USART3_UART_Init	8	static
../Core/Src/main.c:585:13:MX_USB_OTG_FS_PCD_Init	8	static
../Core/Src/main.c:619:13:MX_GPIO_Init	64	static
../Core/Src/main.c:772:6:HAL_TIM_PeriodElapsedCallback	16	static
../Core/Src/main.c:789:6:Error_Handler	4	static,ignoring_inline_asm
