../Core/Src/main.c:106:5:main	56	static
../Core/Src/main.c:181:6:SystemClock_Config	128	static
../Core/Src/main.c:232:13:SystemPower_Config	8	static
../Core/Src/main.c:255:13:MX_ADC4_Init	40	static
../Core/Src/main.c:316:13:MX_DCACHE1_Init	8	static
../Core/Src/main.c:343:13:MX_GPDMA1_Init	16	static
../Core/Src/main.c:381:13:MX_I2C1_Init	8	static
../Core/Src/main.c:429:13:MX_ICACHE_Init	8	static
../Core/Src/main.c:461:13:MX_OCTOSPI1_Init	40	static
../Core/Src/main.c:520:13:MX_RTC_Init	40	static
../Core/Src/main.c:568:13:MX_TIM15_Init	40	static
../Core/Src/main.c:614:13:MX_TIM17_Init	8	static
../Core/Src/main.c:646:13:MX_UART4_Init	8	static
../Core/Src/main.c:694:13:MX_UART5_Init	8	static
../Core/Src/main.c:742:13:MX_USART1_UART_Init	8	static
../Core/Src/main.c:790:13:MX_USART3_UART_Init	8	static
../Core/Src/main.c:839:13:MX_USB_OTG_FS_PCD_Init	8	static
../Core/Src/main.c:873:13:MX_GPIO_Init	64	static
../Core/Src/main.c:1035:6:HAL_TIM_PeriodElapsedCallback	16	static
../Core/Src/main.c:1053:6:Error_Handler	4	static,ignoring_inline_asm
