../Core/Src/main.c:81:5:main	8	static
../Core/Src/main.c:137:6:SystemClock_Config	128	static
../Core/Src/main.c:195:13:SystemPower_Config	8	static
../Core/Src/main.c:218:13:MX_GPDMA1_Init	16	static
../Core/Src/main.c:250:13:MX_ICACHE_Init	8	static
../Core/Src/main.c:282:13:MX_RTC_Init	40	static
../Core/Src/main.c:330:13:MX_USART1_UART_Init	8	static
../Core/Src/main.c:378:13:MX_USART2_UART_Init	8	static
../Core/Src/main.c:428:13:MX_USART3_UART_Init	8	static
../Core/Src/main.c:476:13:MX_USB_OTG_FS_PCD_Init	8	static
../Core/Src/main.c:510:13:MX_GPIO_Init	48	static
../Core/Src/main.c:595:6:HAL_TIM_PeriodElapsedCallback	16	static
../Core/Src/main.c:612:6:Error_Handler	4	static,ignoring_inline_asm
