../Core/Src/main.c:108:5:main	56	static
../Core/Src/main.c:187:6:SystemClock_Config	128	static
../Core/Src/main.c:238:13:SystemPower_Config	8	static
../Core/Src/main.c:261:13:MX_ADC4_Init	40	static
../Core/Src/main.c:322:13:MX_DCACHE1_Init	8	static
../Core/Src/main.c:349:13:MX_GPDMA1_Init	16	static
../Core/Src/main.c:387:13:MX_I2C1_Init	8	static
../Core/Src/main.c:435:13:MX_ICACHE_Init	8	static
../Core/Src/main.c:467:13:MX_OCTOSPI1_Init	40	static
../Core/Src/main.c:526:13:MX_RTC_Init	40	static
../Core/Src/main.c:574:13:MX_TIM15_Init	40	static
../Core/Src/main.c:620:13:MX_TIM17_Init	8	static
../Core/Src/main.c:652:13:MX_UART4_Init	8	static
../Core/Src/main.c:700:13:MX_UART5_Init	8	static
../Core/Src/main.c:748:13:MX_USART1_UART_Init	8	static
../Core/Src/main.c:796:13:MX_USART3_UART_Init	8	static
../Core/Src/main.c:845:13:MX_USB_OTG_FS_PCD_Init	8	static
../Core/Src/main.c:879:13:MX_GPIO_Init	64	static
../Core/Src/main.c:1030:13:initialize_gpio	4	static
../Core/Src/main.c:1044:6:HAL_TIM_PeriodElapsedCallback	16	static
../Core/Src/main.c:1061:6:Error_Handler	4	static,ignoring_inline_asm
