../Core/Src/main.c:109:5:main	48	static
../Core/Src/main.c:184:6:SystemClock_Config	128	static
../Core/Src/main.c:235:13:SystemPower_Config	8	static
../Core/Src/main.c:258:13:MX_ADC1_Init	8	static
../Core/Src/main.c:302:13:MX_DAC1_Init	64	static
../Core/Src/main.c:364:13:MX_GPDMA1_Init	16	static
../Core/Src/main.c:402:13:MX_I2C1_Init	8	static
../Core/Src/main.c:450:13:MX_ICACHE_Init	8	static
../Core/Src/main.c:482:13:MX_OCTOSPI1_Init	40	static
../Core/Src/main.c:541:13:MX_OPAMP1_Init	8	static
../Core/Src/main.c:573:13:MX_OPAMP2_Init	8	static
../Core/Src/main.c:605:13:MX_RTC_Init	40	static
../Core/Src/main.c:653:13:MX_TIM15_Init	40	static
../Core/Src/main.c:699:13:MX_UART4_Init	8	static
../Core/Src/main.c:747:13:MX_UART5_Init	8	static
../Core/Src/main.c:795:13:MX_USART1_UART_Init	8	static
../Core/Src/main.c:843:13:MX_USART3_UART_Init	8	static
../Core/Src/main.c:892:13:MX_USB_OTG_FS_PCD_Init	8	static
../Core/Src/main.c:926:13:MX_GPIO_Init	64	static
../Core/Src/main.c:1082:6:HAL_TIM_PeriodElapsedCallback	16	static
../Core/Src/main.c:1099:6:Error_Handler	4	static,ignoring_inline_asm
