../Core/Src/main.c:106:5:main	56	static
../Core/Src/main.c:186:6:SystemClock_Config	128	static
../Core/Src/main.c:237:13:SystemPower_Config	8	static
../Core/Src/main.c:260:13:MX_ADC4_Init	40	static
../Core/Src/main.c:321:13:MX_DCACHE1_Init	8	static
../Core/Src/main.c:348:13:MX_GPDMA1_Init	16	static
../Core/Src/main.c:386:13:MX_I2C1_Init	8	static
../Core/Src/main.c:434:13:MX_ICACHE_Init	8	static
../Core/Src/main.c:466:13:MX_OCTOSPI1_Init	40	static
../Core/Src/main.c:525:13:MX_RTC_Init	40	static
../Core/Src/main.c:573:13:MX_TIM15_Init	40	static
../Core/Src/main.c:619:13:MX_TIM17_Init	8	static
../Core/Src/main.c:651:13:MX_UART4_Init	8	static
../Core/Src/main.c:699:13:MX_UART5_Init	8	static
../Core/Src/main.c:747:13:MX_USART1_UART_Init	8	static
../Core/Src/main.c:795:13:MX_USART3_UART_Init	8	static
../Core/Src/main.c:844:13:MX_USB_OTG_FS_PCD_Init	8	static
../Core/Src/main.c:878:13:MX_GPIO_Init	64	static
../Core/Src/main.c:1029:13:initialize_gpio	4	static
../Core/Src/main.c:1043:6:HAL_TIM_PeriodElapsedCallback	16	static
../Core/Src/main.c:1063:6:Error_Handler	4	static,ignoring_inline_asm
