../Core/Src/main.c:81:5:main	8	static
../Core/Src/main.c:137:6:SystemClock_Config	128	static
../Core/Src/main.c:197:13:SystemPower_Config	8	static
../Core/Src/main.c:220:13:MX_ADC1_Init	8	static
../Core/Src/main.c:264:13:MX_ICACHE_Init	8	static
../Core/Src/main.c:296:13:MX_RTC_Init	40	static
../Core/Src/main.c:344:13:MX_USART1_UART_Init	8	static
../Core/Src/main.c:392:13:MX_USART2_UART_Init	8	static
../Core/Src/main.c:440:13:MX_USART3_UART_Init	8	static
../Core/Src/main.c:488:13:MX_USB_OTG_FS_PCD_Init	8	static
../Core/Src/main.c:522:13:MX_GPIO_Init	48	static
../Core/Src/main.c:607:6:HAL_TIM_PeriodElapsedCallback	16	static
../Core/Src/main.c:624:6:Error_Handler	4	static,ignoring_inline_asm
