../Core/Src/main.c:96:5:main	48	static
../Core/Src/main.c:157:6:SystemClock_Config	128	static
../Core/Src/main.c:206:13:SystemPower_Config	8	static
../Core/Src/main.c:229:13:MX_GPDMA1_Init	16	static
../Core/Src/main.c:263:13:MX_I2C1_Init	8	static
../Core/Src/main.c:311:13:MX_ICACHE_Init	8	static
../Core/Src/main.c:343:13:MX_OCTOSPI1_Init	40	static
../Core/Src/main.c:401:13:MX_OCTOSPI2_Init	40	static
../Core/Src/main.c:459:13:MX_RTC_Init	40	static
../Core/Src/main.c:507:13:MX_UART4_Init	8	static
../Core/Src/main.c:555:13:MX_USART1_UART_Init	8	static
../Core/Src/main.c:603:13:MX_USART2_UART_Init	8	static
../Core/Src/main.c:653:13:MX_USART3_UART_Init	8	static
../Core/Src/main.c:702:13:MX_USB_OTG_FS_PCD_Init	8	static
../Core/Src/main.c:736:13:MX_GPIO_Init	64	static
../Core/Src/main.c:883:6:HAL_TIM_PeriodElapsedCallback	16	static
../Core/Src/main.c:900:6:Error_Handler	4	static,ignoring_inline_asm
