../Core/Src/main.c:99:5:main	56	static
../Core/Src/main.c:161:6:SystemClock_Config	128	static
../Core/Src/main.c:210:13:SystemPower_Config	8	static
../Core/Src/main.c:233:13:MX_GPDMA1_Init	16	static
../Core/Src/main.c:267:13:MX_I2C1_Init	8	static
../Core/Src/main.c:315:13:MX_ICACHE_Init	8	static
../Core/Src/main.c:347:13:MX_OCTOSPI1_Init	40	static
../Core/Src/main.c:405:13:MX_OCTOSPI2_Init	40	static
../Core/Src/main.c:463:13:MX_RTC_Init	40	static
../Core/Src/main.c:511:13:MX_TIM15_Init	40	static
../Core/Src/main.c:557:13:MX_UART4_Init	8	static
../Core/Src/main.c:605:13:MX_USART1_UART_Init	8	static
../Core/Src/main.c:653:13:MX_USART2_UART_Init	8	static
../Core/Src/main.c:703:13:MX_USART3_UART_Init	8	static
../Core/Src/main.c:752:13:MX_USB_OTG_FS_PCD_Init	8	static
../Core/Src/main.c:786:13:MX_GPIO_Init	64	static
../Core/Src/main.c:933:6:HAL_TIM_PeriodElapsedCallback	16	static
../Core/Src/main.c:950:6:Error_Handler	4	static,ignoring_inline_asm
