../Core/Src/main.c:101:5:main	48	static
../Core/Src/main.c:173:6:SystemClock_Config	128	static
../Core/Src/main.c:224:13:SystemPower_Config	8	static
../Core/Src/main.c:247:13:MX_ADC4_Init	40	static
../Core/Src/main.c:308:13:MX_GPDMA1_Init	16	static
../Core/Src/main.c:346:13:MX_I2C1_Init	8	static
../Core/Src/main.c:394:13:MX_ICACHE_Init	8	static
../Core/Src/main.c:426:13:MX_OCTOSPI1_Init	40	static
../Core/Src/main.c:485:13:MX_RTC_Init	40	static
../Core/Src/main.c:533:13:MX_TIM15_Init	40	static
../Core/Src/main.c:579:13:MX_UART4_Init	8	static
../Core/Src/main.c:627:13:MX_UART5_Init	8	static
../Core/Src/main.c:675:13:MX_USART1_UART_Init	8	static
../Core/Src/main.c:723:13:MX_USART3_UART_Init	8	static
../Core/Src/main.c:772:13:MX_USB_OTG_FS_PCD_Init	8	static
../Core/Src/main.c:806:13:MX_GPIO_Init	64	static
../Core/Src/main.c:968:6:HAL_TIM_PeriodElapsedCallback	16	static
../Core/Src/main.c:985:6:Error_Handler	4	static,ignoring_inline_asm
