../Core/Src/main.c:99:5:main	56	static
../Core/Src/main.c:178:6:SystemClock_Config	128	static
../Core/Src/main.c:236:13:SystemPower_Config	8	static
../Core/Src/main.c:259:13:MX_ADC4_Init	40	static
../Core/Src/main.c:320:13:MX_DCACHE1_Init	8	static
../Core/Src/main.c:347:13:MX_GPDMA1_Init	16	static
../Core/Src/main.c:385:13:MX_I2C1_Init	8	static
../Core/Src/main.c:433:13:MX_ICACHE_Init	8	static
../Core/Src/main.c:465:13:MX_OCTOSPI1_Init	40	static
../Core/Src/main.c:524:13:MX_RTC_Init	40	static
../Core/Src/main.c:572:13:MX_TIM15_Init	40	static
../Core/Src/main.c:618:13:MX_TIM17_Init	8	static
../Core/Src/main.c:650:13:MX_UART4_Init	8	static
../Core/Src/main.c:698:13:MX_UART5_Init	8	static
../Core/Src/main.c:746:13:MX_USART1_UART_Init	8	static
../Core/Src/main.c:794:13:MX_USART3_UART_Init	8	static
../Core/Src/main.c:843:13:MX_USB_OTG_FS_PCD_Init	8	static
../Core/Src/main.c:877:13:MX_GPIO_Init	64	static
../Core/Src/main.c:1028:13:initialize_gpio	4	static
../Core/Src/main.c:1038:6:Error_Handler	4	static,ignoring_inline_asm
