../Core/Src/main.c:103:5:main	56	static
../Core/Src/main.c:177:6:SystemClock_Config	128	static
../Core/Src/main.c:228:13:SystemPower_Config	8	static
../Core/Src/main.c:251:13:MX_ADC4_Init	40	static
../Core/Src/main.c:312:13:MX_GPDMA1_Init	16	static
../Core/Src/main.c:350:13:MX_I2C1_Init	8	static
../Core/Src/main.c:398:13:MX_ICACHE_Init	8	static
../Core/Src/main.c:430:13:MX_OCTOSPI1_Init	40	static
../Core/Src/main.c:489:13:MX_RTC_Init	40	static
../Core/Src/main.c:537:13:MX_TIM15_Init	40	static
../Core/Src/main.c:583:13:MX_TIM17_Init	8	static
../Core/Src/main.c:615:13:MX_UART4_Init	8	static
../Core/Src/main.c:663:13:MX_UART5_Init	8	static
../Core/Src/main.c:711:13:MX_USART1_UART_Init	8	static
../Core/Src/main.c:759:13:MX_USART3_UART_Init	8	static
../Core/Src/main.c:808:13:MX_USB_OTG_FS_PCD_Init	8	static
../Core/Src/main.c:842:13:MX_GPIO_Init	64	static
../Core/Src/main.c:1004:6:HAL_TIM_PeriodElapsedCallback	16	static
../Core/Src/main.c:1021:6:Error_Handler	4	static,ignoring_inline_asm
