../Core/Src/main.c:96:5:main	8	static
../Core/Src/main.c:166:6:SystemClock_Config	128	static
../Core/Src/main.c:224:13:SystemPower_Config	8	static
../Core/Src/main.c:247:13:MX_GPDMA1_Init	16	static
../Core/Src/main.c:289:13:MX_ICACHE_Init	8	static
../Core/Src/main.c:321:13:MX_LPUART1_UART_Init	8	static
../Core/Src/main.c:368:13:MX_USART1_UART_Init	8	static
../Core/Src/main.c:416:13:MX_USART2_UART_Init	8	static
../Core/Src/main.c:466:13:MX_USART3_UART_Init	8	static
../Core/Src/main.c:514:13:MX_RTC_Init	40	static
../Core/Src/main.c:562:13:MX_USB_OTG_FS_PCD_Init	8	static
../Core/Src/main.c:596:13:MX_GPIO_Init	48	static
../Core/Src/main.c:674:6:StartReception	8	static
../Core/Src/main.c:710:6:UserDataTreatment	32	static
../Core/Src/main.c:744:6:HAL_UARTEx_RxEventCallback	24	static
../Core/Src/main.c:808:6:HAL_TIM_PeriodElapsedCallback	16	static
../Core/Src/main.c:825:6:Error_Handler	4	static,ignoring_inline_asm
