../Core/Src/main.c:89:5:main	8	static
../Core/Src/main.c:147:6:SystemClock_Config	128	static
../Core/Src/main.c:196:13:SystemPower_Config	8	static
../Core/Src/main.c:219:13:MX_GPDMA1_Init	16	static
../Core/Src/main.c:251:13:MX_ICACHE_Init	8	static
../Core/Src/main.c:283:13:MX_OCTOSPI1_Init	40	static
../Core/Src/main.c:341:13:MX_RTC_Init	40	static
../Core/Src/main.c:389:13:MX_UART4_Init	8	static
../Core/Src/main.c:437:13:MX_USART1_UART_Init	8	static
../Core/Src/main.c:485:13:MX_USART2_UART_Init	8	static
../Core/Src/main.c:535:13:MX_USART3_UART_Init	8	static
../Core/Src/main.c:584:13:MX_USB_OTG_FS_PCD_Init	8	static
../Core/Src/main.c:618:13:MX_GPIO_Init	64	static
../Core/Src/main.c:771:6:HAL_TIM_PeriodElapsedCallback	16	static
../Core/Src/main.c:788:6:Error_Handler	4	static,ignoring_inline_asm
