../Core/Src/main.c:89:5:main	8	static
../Core/Src/main.c:147:6:SystemClock_Config	128	static
../Core/Src/main.c:205:13:SystemPower_Config	8	static
../Core/Src/main.c:228:13:MX_GPDMA1_Init	16	static
../Core/Src/main.c:260:13:MX_ICACHE_Init	8	static
../Core/Src/main.c:292:13:MX_OCTOSPI1_Init	40	static
../Core/Src/main.c:350:13:MX_RTC_Init	40	static
../Core/Src/main.c:398:13:MX_UART5_Init	8	static
../Core/Src/main.c:446:13:MX_USART1_UART_Init	8	static
../Core/Src/main.c:494:13:MX_USART2_UART_Init	8	static
../Core/Src/main.c:544:13:MX_USART3_UART_Init	8	static
../Core/Src/main.c:593:13:MX_USB_OTG_FS_PCD_Init	8	static
../Core/Src/main.c:627:13:MX_GPIO_Init	56	static
../Core/Src/main.c:714:6:HAL_TIM_PeriodElapsedCallback	16	static
../Core/Src/main.c:731:6:Error_Handler	4	static,ignoring_inline_asm
