../Core/Src/stm32u5xx_it.c:73:6:NMI_Handler	4	static
../Core/Src/stm32u5xx_it.c:88:6:HardFault_Handler	4	static
../Core/Src/stm32u5xx_it.c:103:6:MemManage_Handler	4	static
../Core/Src/stm32u5xx_it.c:118:6:BusFault_Handler	4	static
../Core/Src/stm32u5xx_it.c:133:6:UsageFault_Handler	4	static
../Core/Src/stm32u5xx_it.c:148:6:DebugMon_Handler	4	static
../Core/Src/stm32u5xx_it.c:168:6:GPDMA1_Channel0_IRQHandler	8	static
../Core/Src/stm32u5xx_it.c:182:6:USART1_IRQHandler	8	static
../Core/Src/stm32u5xx_it.c:196:6:USART3_IRQHandler	8	static
../Core/Src/stm32u5xx_it.c:210:6:TIM16_IRQHandler	8	static
