../Core/Src/stm32u5xx_hal_msp.c:70:6:HAL_MspInit	16	static
../Core/Src/stm32u5xx_hal_msp.c:93:6:HAL_ADC_MspInit	256	static
../Core/Src/stm32u5xx_hal_msp.c:145:6:HAL_ADC_MspDeInit	16	static
../Core/Src/stm32u5xx_hal_msp.c:177:6:HAL_DAC_MspInit	248	static
../Core/Src/stm32u5xx_hal_msp.c:223:6:HAL_DAC_MspDeInit	16	static
../Core/Src/stm32u5xx_hal_msp.c:252:6:HAL_I2C_MspInit	248	static
../Core/Src/stm32u5xx_hal_msp.c:298:6:HAL_I2C_MspDeInit	16	static
../Core/Src/stm32u5xx_hal_msp.c:329:6:HAL_OSPI_MspInit	264	static
../Core/Src/stm32u5xx_hal_msp.c:415:6:HAL_OSPI_MspDeInit	16	static
../Core/Src/stm32u5xx_hal_msp.c:460:6:HAL_OPAMP_MspInit	56	static
../Core/Src/stm32u5xx_hal_msp.c:530:6:HAL_OPAMP_MspDeInit	16	static
../Core/Src/stm32u5xx_hal_msp.c:587:6:HAL_RTC_MspInit	224	static
../Core/Src/stm32u5xx_hal_msp.c:621:6:HAL_RTC_MspDeInit	16	static
../Core/Src/stm32u5xx_hal_msp.c:644:6:HAL_TIM_Base_MspInit	24	static
../Core/Src/stm32u5xx_hal_msp.c:666:6:HAL_TIM_Base_MspDeInit	16	static
../Core/Src/stm32u5xx_hal_msp.c:688:6:HAL_UART_MspInit	280	static
../Core/Src/stm32u5xx_hal_msp.c:962:6:HAL_UART_MspDeInit	16	static
../Core/Src/stm32u5xx_hal_msp.c:1059:6:HAL_PCD_MspInit	256	static
../Core/Src/stm32u5xx_hal_msp.c:1117:6:HAL_PCD_MspDeInit	16	static
